{"body":{"messages":[{"@type":"/cosmos.bank.v1beta1.MsgSend","from_address":"cosmos1y74p8wyy4enfhfn342njve6cjmj5c8dtl6emdk","to_address":"cosmos1y74p8wyy4enfhfn342njve6cjmj5c8dtl6emdk","amount":[{"denom":"foo","amount":"1"}]}],"memo":"","timeout_height":"0","unordered":false,"extension_options":[],"non_critical_extension_options":[]},"auth_info":{"signer_infos":[],"fee":{"amount":[],"gas_limit":"200000","payer":"","granter":""},"tip":null},"signatures":[]}
